/opt/freescale/rootfs/arm/sbin/tc
/opt/freescale/rootfs/arm/sbin/nstat
/opt/freescale/rootfs/arm/sbin/ctstat
/opt/freescale/rootfs/arm/sbin/routef
/opt/freescale/rootfs/arm/sbin/lnstat
/opt/freescale/rootfs/arm/sbin/rtstat
/opt/freescale/rootfs/arm/sbin/routel
/opt/freescale/rootfs/arm/sbin/rtacct
/opt/freescale/rootfs/arm/sbin/ss
/opt/freescale/rootfs/arm/sbin/rtmon
/opt/freescale/rootfs/arm/sbin/genl
/opt/freescale/rootfs/arm/sbin/ip
/opt/freescale/rootfs/arm/sbin/ifcfg
/opt/freescale/rootfs/arm/sbin/rtpr
/opt/freescale/rootfs/arm/sbin/ifstat
/opt/freescale/rootfs/arm/share/man/man3/libnetlink.3
/opt/freescale/rootfs/arm/share/man/man8/tc-red.8
/opt/freescale/rootfs/arm/share/man/man8/tc-cbq-details.8
/opt/freescale/rootfs/arm/share/man/man8/tc-sfq.8
/opt/freescale/rootfs/arm/share/man/man8/ctstat.8
/opt/freescale/rootfs/arm/share/man/man8/tc.8
/opt/freescale/rootfs/arm/share/man/man8/rtmon.8
/opt/freescale/rootfs/arm/share/man/man8/routef.8
/opt/freescale/rootfs/arm/share/man/man8/routel.8
/opt/freescale/rootfs/arm/share/man/man8/ss.8
/opt/freescale/rootfs/arm/share/man/man8/arpd.8
/opt/freescale/rootfs/arm/share/man/man8/tc-pfifo_fast.8
/opt/freescale/rootfs/arm/share/man/man8/nstat.8
/opt/freescale/rootfs/arm/share/man/man8/tc-pfifo.8
/opt/freescale/rootfs/arm/share/man/man8/tc-cbq.8
/opt/freescale/rootfs/arm/share/man/man8/lnstat.8
/opt/freescale/rootfs/arm/share/man/man8/tc-htb.8
/opt/freescale/rootfs/arm/share/man/man8/tc-prio.8
/opt/freescale/rootfs/arm/share/man/man8/tc-tbf.8
/opt/freescale/rootfs/arm/share/man/man8/rtacct.8
/opt/freescale/rootfs/arm/share/man/man8/tc-drr.8
/opt/freescale/rootfs/arm/share/man/man8/tc-bfifo.8
/opt/freescale/rootfs/arm/share/man/man8/ip.8
/opt/freescale/rootfs/arm/share/man/man8/rtstat.8
/opt/freescale/rootfs/arm/share/doc/iproute2/ip-cref.tex
/opt/freescale/rootfs/arm/share/doc/iproute2/nstat.sgml
/opt/freescale/rootfs/arm/share/doc/iproute2/arpd.sgml
/opt/freescale/rootfs/arm/share/doc/iproute2/api-ip6-flowlabels.tex
/opt/freescale/rootfs/arm/share/doc/iproute2/rtstat.sgml
/opt/freescale/rootfs/arm/share/doc/iproute2/examples/cbqinit.eth1
/opt/freescale/rootfs/arm/share/doc/iproute2/examples/gaiconf
/opt/freescale/rootfs/arm/share/doc/iproute2/examples/dhcp-client-script
/opt/freescale/rootfs/arm/share/doc/iproute2/examples/SYN-DoS.rate.limit
/opt/freescale/rootfs/arm/share/doc/iproute2/examples/diffserv/regression-testing
/opt/freescale/rootfs/arm/share/doc/iproute2/examples/diffserv/afcbq
/opt/freescale/rootfs/arm/share/doc/iproute2/examples/diffserv/efcbq
/opt/freescale/rootfs/arm/share/doc/iproute2/examples/diffserv/Edge1
/opt/freescale/rootfs/arm/share/doc/iproute2/examples/diffserv/Edge32-cb-chains
/opt/freescale/rootfs/arm/share/doc/iproute2/examples/diffserv/Edge32-ca-u32
/opt/freescale/rootfs/arm/share/doc/iproute2/examples/diffserv/Edge31-ca-u32
/opt/freescale/rootfs/arm/share/doc/iproute2/examples/diffserv/Edge2
/opt/freescale/rootfs/arm/share/doc/iproute2/examples/diffserv/Edge32-cb-u32
/opt/freescale/rootfs/arm/share/doc/iproute2/examples/diffserv/Edge31-cb-chains
/opt/freescale/rootfs/arm/share/doc/iproute2/examples/diffserv/ef-prio
/opt/freescale/rootfs/arm/share/doc/iproute2/examples/diffserv/README
/opt/freescale/rootfs/arm/share/doc/iproute2/examples/README.iproute2+tc
/opt/freescale/rootfs/arm/share/doc/iproute2/examples/cbq.init-v0.7.3
/opt/freescale/rootfs/arm/share/doc/iproute2/examples/README.cbq
/opt/freescale/rootfs/arm/share/doc/iproute2/ss.sgml
/opt/freescale/rootfs/arm/share/doc/iproute2/preamble.tex
/opt/freescale/rootfs/arm/share/doc/iproute2/SNAPSHOT.tex
/opt/freescale/rootfs/arm/share/doc/iproute2/ip-tunnels.tex
/opt/freescale/rootfs/arm/etc/iproute2/rt_protos
/opt/freescale/rootfs/arm/etc/iproute2/ematch_map
/opt/freescale/rootfs/arm/etc/iproute2/rt_realms
/opt/freescale/rootfs/arm/etc/iproute2/rt_dsfield
/opt/freescale/rootfs/arm/etc/iproute2/rt_tables
/opt/freescale/rootfs/arm/etc/iproute2/rt_scopes
/opt/freescale/rootfs/arm/usr/lib/tc/pareto.dist
/opt/freescale/rootfs/arm/usr/lib/tc/paretonormal.dist
/opt/freescale/rootfs/arm/usr/lib/tc/experimental.dist
/opt/freescale/rootfs/arm/usr/lib/tc/normal.dist
/opt/freescale/rootfs/arm/var/lib/arpd
/opt/freescale/rootfs/arm/lib/tc
