/opt/freescale/rootfs/arm/sbin/tc
/opt/freescale/rootfs/arm/sbin/nstat
/opt/freescale/rootfs/arm/sbin/ctstat
/opt/freescale/rootfs/arm/sbin/routef
/opt/freescale/rootfs/arm/sbin/lnstat
/opt/freescale/rootfs/arm/sbin/rtstat
/opt/freescale/rootfs/arm/sbin/routel
/opt/freescale/rootfs/arm/sbin/rtacct
/opt/freescale/rootfs/arm/sbin/ss
/opt/freescale/rootfs/arm/sbin/rtmon
/opt/freescale/rootfs/arm/sbin/genl
/opt/freescale/rootfs/arm/sbin/ip
/opt/freescale/rootfs/arm/sbin/ifcfg
/opt/freescale/rootfs/arm/sbin/rtpr
/opt/freescale/rootfs/arm/sbin/ifstat
/opt/freescale/rootfs/arm/etc/iproute2/rt_protos
/opt/freescale/rootfs/arm/etc/iproute2/ematch_map
/opt/freescale/rootfs/arm/etc/iproute2/rt_realms
/opt/freescale/rootfs/arm/etc/iproute2/rt_dsfield
/opt/freescale/rootfs/arm/etc/iproute2/rt_tables
/opt/freescale/rootfs/arm/etc/iproute2/rt_scopes
/opt/freescale/rootfs/arm/usr/lib/tc/pareto.dist
/opt/freescale/rootfs/arm/usr/lib/tc/paretonormal.dist
/opt/freescale/rootfs/arm/usr/lib/tc/experimental.dist
/opt/freescale/rootfs/arm/usr/lib/tc/normal.dist
/opt/freescale/rootfs/arm/var/lib/arpd
/opt/freescale/rootfs/arm/lib/tc
